// Jest Snapshot v1, https://goo.gl/fbAQLP

exports[`ListView component tests it should match snapshot 1`] = `
<div>
  <div
    class="sc-aXZVg cvjOnm"
  >
    <div
      class="sc-gEvEer fEtOnB"
      data-testid="@ListView/scrollSlot"
    >
      <button>
        Button1
      </button>
      <button>
        Button2
      </button>
      <button>
        Button3
      </button>
    </div>
    <button
      aria-label="Scroll list of trending developers to the left"
      class="sc-fqkvVR kaLMDD"
    >
      <i
        class="fas fa-angle-left"
      />
    </button>
    <button
      aria-label="Scroll list of trending developers to the right"
      class="sc-eqUAAy kmEULY"
    >
      <i
        class="fas fa-angle-right"
      />
    </button>
  </div>
</div>
`;
